******************************************************************************
                  MSP430 Linker PC v21.6.3                     
******************************************************************************
>> Linked Wed Sep 23 11:12:52 2026

OUTPUT FILE NAME:   <Projet_Robot_1.out>
ENTRY POINT SYMBOL: "_c_int00_noargs"  address: 0000d3a8


MEMORY CONFIGURATION

         name            origin    length      used     unused   attr    fill
----------------------  --------  ---------  --------  --------  ----  --------
  SFR                   00000000   00000010  00000000  00000010  RWIX
  PERIPHERALS_8BIT      00000010   000000f0  00000000  000000f0  RWIX
  PERIPHERALS_16BIT     00000100   00000100  00000000  00000100  RWIX
  RAM                   00000200   00000200  0000005e  000001a2  RWIX
  INFOD                 00001000   00000040  00000000  00000040  RWIX
  INFOC                 00001040   00000040  00000000  00000040  RWIX
  INFOB                 00001080   00000040  00000000  00000040  RWIX
  INFOA                 000010c0   00000040  00000000  00000040  RWIX
  FLASH                 0000c000   00003fde  00001446  00002b98  RWIX
  BSLSIGNATURE          0000ffde   00000002  00000002  00000000  RWIX  ffff 
  INT00                 0000ffe0   00000002  00000002  00000000  RWIX
  INT01                 0000ffe2   00000002  00000000  00000002  RWIX
  INT02                 0000ffe4   00000002  00000002  00000000  RWIX
  INT03                 0000ffe6   00000002  00000002  00000000  RWIX
  INT04                 0000ffe8   00000002  00000000  00000002  RWIX
  INT05                 0000ffea   00000002  00000002  00000000  RWIX
  INT06                 0000ffec   00000002  00000002  00000000  RWIX
  INT07                 0000ffee   00000002  00000002  00000000  RWIX
  INT08                 0000fff0   00000002  00000002  00000000  RWIX
  INT09                 0000fff2   00000002  00000002  00000000  RWIX
  INT10                 0000fff4   00000002  00000002  00000000  RWIX
  INT11                 0000fff6   00000002  00000002  00000000  RWIX
  INT12                 0000fff8   00000002  00000002  00000000  RWIX
  INT13                 0000fffa   00000002  00000002  00000000  RWIX
  INT14                 0000fffc   00000002  00000002  00000000  RWIX
  RESET                 0000fffe   00000002  00000002  00000000  RWIX


SECTION ALLOCATION MAP

 output                                  attributes/
section   page    origin      length       input sections
--------  ----  ----------  ----------   ----------------
.data      0    00000200    0000000e     UNINITIALIZED
                  00000200    0000000e     main.obj (.data)

.stack     0    000003b0    00000050     UNINITIALIZED
                  000003b0    00000002     rts430_eabi.lib : boot.c.obj (.stack)
                  000003b2    0000004e     --HOLE--

.text      0    0000c000    00001436     
                  0000c000    00000478     rts430_eabi.lib : frcdivd.c.obj (.text:__TI_frcdivd)
                  0000c478    000002c0                     : mpyd.c.obj (.text:__mspabi_mpyd)
                  0000c738    00000232                     : divd.c.obj (.text:__mspabi_divd)
                  0000c96a    00000172                     : frcmpyd.c.obj (.text:__TI_frcmpyd)
                  0000cadc    00000114                     : mult64.asm.obj (.text:__mpyll)
                  0000cbf0    000000b4                     : cvtdf.c.obj (.text:__mspabi_cvtdf)
                  0000cca4    000000ac     main.obj (.text:distance)
                  0000cd50    00000088     main.obj (.text:init_moteur)
                  0000cdd8    0000007c     rts430_eabi.lib : copy_decompress_lzss.c.obj (.text:decompress:lzss:__TI_decompress_lzss)
                  0000ce54    00000078     main.obj (.text:main)
                  0000cecc    00000070     rts430_eabi.lib : cvtfd.c.obj (.text:__mspabi_cvtfd)
                  0000cf3c    0000006c     main.obj (.text:pilotage_moteur)
                  0000cfa8    00000066     main.obj (.text:corriger_trajectoire)
                  0000d00e    0000005c     rts430_eabi.lib : lsr32.asm.obj (.text:l_lsr_const)
                  0000d06a    00000058                     : div32u.asm.obj (.text)
                  0000d0c2    0000004c                     : lsr16.asm.obj (.text)
                  0000d10e    0000004a                     : fs_cmp.asm.obj (.text)
                  0000d158    00000046                     : lsr64.c.obj (.text:__mspabi_srlll)
                  0000d19e    00000044                     : lsl64.c.obj (.text:__mspabi_sllll)
                  0000d1e2    00000042                     : autoinit.c.obj (.text:__TI_auto_init_nobinit_nopinit:__TI_auto_init_nobinit_nopinit)
                  0000d224    0000003e                     : asr32.asm.obj (.text:l_asr_const)
                  0000d262    0000003e                     : lsl32.asm.obj (.text:l_lsl_const)
                  0000d2a0    0000002c                     : asr16.asm.obj (.text)
                  0000d2cc    0000002c                     : lsl16.asm.obj (.text)
                  0000d2f8    00000026     main.obj (.text:capture_opto)
                  0000d31e    00000026     rts430_eabi.lib : mult32.asm.obj (.text)
                  0000d344    00000024                     : fs_utof.asm.obj (.text)
                  0000d368    00000022                     : mult1632.asm.obj (.text:__mpyul)
                  0000d38a    0000001e                     : mult3264.asm.obj (.text:__mpyull)
                  0000d3a8    0000001c                     : boot.c.obj (.text:_c_int00_noargs)
                  0000d3c4    00000014                     : mult16.asm.obj (.text)
                  0000d3d8    00000012                     : copy_decompress_none.c.obj (.text:decompress:none:__TI_decompress_none)
                  0000d3ea    00000012                     : memcpy.c.obj (.text:memcpy)
                  0000d3fc    00000010     main.obj (.text:config_timer_correction)
                  0000d40c    00000010     rts430_eabi.lib : epilog.asm.obj (.text)
                  0000d41c    00000008                     : isr_trap.asm.obj (.text:_isr:__TI_ISR_TRAP)
                  0000d424    00000006                     : exit.c.obj (.text:abort)
                  0000d42a    00000006     main.obj (.text:timer_correction)
                  0000d430    00000004     rts430_eabi.lib : pre_init.c.obj (.text:_system_pre_init)
                  0000d434    00000002                     : startup.c.obj (.text:_system_post_cinit)

.cinit     0    0000d436    00000010     
                  0000d436    00000007     (.cinit..data.load) [load image, compression = lzss]
                  0000d43d    00000001     --HOLE-- [fill = 0]
                  0000d43e    00000004     (__TI_handler_table)
                  0000d442    00000004     (__TI_cinit_table)

.binit     0    0000c000    00000000     

.init_array 
*          0    0000c000    00000000     UNINITIALIZED

TRAPINT    0    0000ffe0    00000002     
                  0000ffe0    00000002     rts430_eabi.lib : int00.asm.obj (.int00)

PORT1      0    0000ffe4    00000002     
                  0000ffe4    00000002     rts430_eabi.lib : int02.asm.obj (.int02)

PORT2      0    0000ffe6    00000002     
                  0000ffe6    00000002     main.obj (.int03)

ADC10      0    0000ffea    00000002     
                  0000ffea    00000002     rts430_eabi.lib : int05.asm.obj (.int05)

USCIAB0TX 
*          0    0000ffec    00000002     
                  0000ffec    00000002     rts430_eabi.lib : int06.asm.obj (.int06)

USCIAB0RX 
*          0    0000ffee    00000002     
                  0000ffee    00000002     rts430_eabi.lib : int07.asm.obj (.int07)

TIMER0_A1 
*          0    0000fff0    00000002     
                  0000fff0    00000002     rts430_eabi.lib : int08.asm.obj (.int08)

TIMER0_A0 
*          0    0000fff2    00000002     
                  0000fff2    00000002     main.obj (.int09)

WDT        0    0000fff4    00000002     
                  0000fff4    00000002     rts430_eabi.lib : int10.asm.obj (.int10)

COMPARATORA 
*          0    0000fff6    00000002     
                  0000fff6    00000002     rts430_eabi.lib : int11.asm.obj (.int11)

TIMER1_A1 
*          0    0000fff8    00000002     
                  0000fff8    00000002     rts430_eabi.lib : int12.asm.obj (.int12)

TIMER1_A0 
*          0    0000fffa    00000002     
                  0000fffa    00000002     rts430_eabi.lib : int13.asm.obj (.int13)

NMI        0    0000fffc    00000002     
                  0000fffc    00000002     rts430_eabi.lib : int14.asm.obj (.int14)

.reset     0    0000fffe    00000002     
                  0000fffe    00000002     rts430_eabi.lib : boot.c.obj (.reset)

$fill000   0    0000ffde    00000002     
                  0000ffde    00000002     --HOLE-- [fill = ffff]

MODULE SUMMARY

       Module                       code   ro data   rw data
       ------                       ----   -------   -------
    .\
       main.obj                     698    4         14     
    +--+----------------------------+------+---------+---------+
       Total:                       698    4         14     
                                                            
    C:\ti\ccs2101\ccs\tools\compiler\ti-cgt-msp430_21.6.3.LTS\lib\rts430_eabi.lib
       frcdivd.c.obj                1144   0         0      
       mpyd.c.obj                   704    0         0      
       divd.c.obj                   562    0         0      
       frcmpyd.c.obj                370    0         0      
       mult64.asm.obj               276    0         0      
       cvtdf.c.obj                  180    0         0      
       copy_decompress_lzss.c.obj   124    0         0      
       cvtfd.c.obj                  112    0         0      
       lsr32.asm.obj                92     0         0      
       div32u.asm.obj               88     0         0      
       lsr16.asm.obj                76     0         0      
       fs_cmp.asm.obj               74     0         0      
       lsr64.c.obj                  70     0         0      
       lsl64.c.obj                  68     0         0      
       autoinit.c.obj               66     0         0      
       asr32.asm.obj                62     0         0      
       lsl32.asm.obj                62     0         0      
       asr16.asm.obj                44     0         0      
       lsl16.asm.obj                44     0         0      
       mult32.asm.obj               38     0         0      
       fs_utof.asm.obj              36     0         0      
       mult1632.asm.obj             34     0         0      
       boot.c.obj                   28     2         0      
       mult3264.asm.obj             30     0         0      
       mult16.asm.obj               20     0         0      
       copy_decompress_none.c.obj   18     0         0      
       memcpy.c.obj                 18     0         0      
       epilog.asm.obj               16     0         0      
       isr_trap.asm.obj             8      0         0      
       exit.c.obj                   6      0         0      
       pre_init.c.obj               4      0         0      
       int00.asm.obj                0      2         0      
       int02.asm.obj                0      2         0      
       int05.asm.obj                0      2         0      
       int06.asm.obj                0      2         0      
       int07.asm.obj                0      2         0      
       int08.asm.obj                0      2         0      
       int10.asm.obj                0      2         0      
       int11.asm.obj                0      2         0      
       int12.asm.obj                0      2         0      
       int13.asm.obj                0      2         0      
       int14.asm.obj                0      2         0      
       startup.c.obj                2      0         0      
    +--+----------------------------+------+---------+---------+
       Total:                       4476   24        0      
                                                            
       Stack:                       0      0         80     
       Linker Generated:            0      15        0      
    +--+----------------------------+------+---------+---------+
       Grand Total:                 5174   43        94     


LINKER GENERATED COPY TABLES

__TI_cinit_table @ 0000d442 records: 1, size/record: 4, table size: 4
	.data: load addr=0000d436, load size=00000007 bytes, run addr=00000200, run size=0000000e bytes, compression=lzss


LINKER GENERATED HANDLER TABLE

__TI_handler_table @ 0000d43e records: 2, size/record: 2, table size: 4
	index: 0, handler: __TI_decompress_lzss
	index: 1, handler: __TI_decompress_none


GLOBAL SYMBOLS: SORTED ALPHABETICALLY BY Name 

address   name                          
-------   ----                          
0000004a  ADC10AE0                      
000001b0  ADC10CTL0                     
000001b2  ADC10CTL1                     
00000048  ADC10DTC0                     
00000049  ADC10DTC1                     
000001b4  ADC10MEM                      
000001bc  ADC10SA                       
00000057  BCSCTL1                       
00000058  BCSCTL2                       
00000053  BCSCTL3                       
0000d424  C$$EXIT                       
00000059  CACTL1                        
0000005a  CACTL2                        
000010fb  CALBC1_12MHZ                  
000010f9  CALBC1_16MHZ                  
000010ff  CALBC1_1MHZ                   
000010fd  CALBC1_8MHZ                   
000010fa  CALDCO_12MHZ                  
000010f8  CALDCO_16MHZ                  
000010fe  CALDCO_1MHZ                   
000010fc  CALDCO_8MHZ                   
0000005b  CAPD                          
00000056  DCOCTL                        
00000128  FCTL1                         
0000012a  FCTL2                         
0000012c  FCTL3                         
00000000  IE1                           
00000001  IE2                           
00000002  IFG1                          
00000003  IFG2                          
00000022  P1DIR                         
00000025  P1IE                          
00000024  P1IES                         
00000023  P1IFG                         
00000020  P1IN                          
00000021  P1OUT                         
00000027  P1REN                         
00000026  P1SEL                         
00000041  P1SEL2                        
0000002a  P2DIR                         
0000002d  P2IE                          
0000002c  P2IES                         
0000002b  P2IFG                         
00000028  P2IN                          
00000029  P2OUT                         
0000002f  P2REN                         
0000002e  P2SEL                         
00000042  P2SEL2                        
0000001a  P3DIR                         
00000018  P3IN                          
00000019  P3OUT                         
00000010  P3REN                         
0000001b  P3SEL                         
00000043  P3SEL2                        
00000172  TA0CCR0                       
00000174  TA0CCR1                       
00000176  TA0CCR2                       
00000162  TA0CCTL0                      
00000164  TA0CCTL1                      
00000166  TA0CCTL2                      
00000160  TA0CTL                        
0000012e  TA0IV                         
00000170  TA0R                          
00000192  TA1CCR0                       
00000194  TA1CCR1                       
00000196  TA1CCR2                       
00000182  TA1CCTL0                      
00000184  TA1CCTL1                      
00000186  TA1CCTL2                      
00000180  TA1CTL                        
0000011e  TA1IV                         
00000190  TA1R                          
000010db  TLV_ADC10_1_LEN               
000010da  TLV_ADC10_1_TAG               
000010c0  TLV_CHECKSUM                  
000010f7  TLV_DCO_30_LEN                
000010f6  TLV_DCO_30_TAG                
0000005d  UCA0ABCTL                     
00000062  UCA0BR0                       
00000063  UCA0BR1                       
00000060  UCA0CTL0                      
00000061  UCA0CTL1                      
0000005f  UCA0IRRCTL                    
0000005e  UCA0IRTCTL                    
00000064  UCA0MCTL                      
00000066  UCA0RXBUF                     
00000065  UCA0STAT                      
00000067  UCA0TXBUF                     
0000006a  UCB0BR0                       
0000006b  UCB0BR1                       
00000068  UCB0CTL0                      
00000069  UCB0CTL1                      
0000006c  UCB0I2CIE                     
00000118  UCB0I2COA                     
0000011a  UCB0I2CSA                     
0000006e  UCB0RXBUF                     
0000006d  UCB0STAT                      
0000006f  UCB0TXBUF                     
00000120  WDTCTL                        
00000400  __STACK_END                   
00000050  __STACK_SIZE                  
0000d442  __TI_CINIT_Base               
0000d446  __TI_CINIT_Limit              
0000d446  __TI_CINIT_Warm               
0000d43e  __TI_Handler_Table_Base       
0000d442  __TI_Handler_Table_Limit      
0000d41c  __TI_ISR_TRAP                 
0000d1e2  __TI_auto_init_nobinit_nopinit
0000cdd8  __TI_decompress_lzss          
0000d3d8  __TI_decompress_none          
0000c000  __TI_frcdivd                  
0000c96a  __TI_frcmpyd                  
0000ffe0  __TI_int00                    
0000ffe4  __TI_int02                    
0000ffe6  __TI_int03                    
0000ffea  __TI_int05                    
0000ffec  __TI_int06                    
0000ffee  __TI_int07                    
0000fff0  __TI_int08                    
0000fff2  __TI_int09                    
0000fff4  __TI_int10                    
0000fff6  __TI_int11                    
0000fff8  __TI_int12                    
0000fffa  __TI_int13                    
0000fffc  __TI_int14                    
ffffffff  __TI_pprof_out_hndl           
ffffffff  __TI_prof_data_size           
ffffffff  __TI_prof_data_start          
ffffffff  __c_args__                    
0000d10e  __mspabi_cmpf                 
0000cbf0  __mspabi_cvtdf                
0000cecc  __mspabi_cvtfd                
0000c738  __mspabi_divd                 
0000d06a  __mspabi_divul                
0000d344  __mspabi_fltuf                
0000d418  __mspabi_func_epilog_1        
0000d416  __mspabi_func_epilog_2        
0000d414  __mspabi_func_epilog_3        
0000d412  __mspabi_func_epilog_4        
0000d410  __mspabi_func_epilog_5        
0000d40e  __mspabi_func_epilog_6        
0000d40c  __mspabi_func_epilog_7        
0000c478  __mspabi_mpyd                 
0000d3c4  __mspabi_mpyi                 
0000d3c4  __mspabi_mpyi_sw              
0000d31e  __mspabi_mpyl                 
0000d31e  __mspabi_mpyl_sw              
0000cadc  __mspabi_mpyll                
0000cadc  __mspabi_mpyll_sw             
0000d368  __mspabi_mpyul                
0000d368  __mspabi_mpyul_sw             
0000d38a  __mspabi_mpyull               
0000d38a  __mspabi_mpyull_sw            
0000d06a  __mspabi_remul                
0000d2cc  __mspabi_slli                 
0000d2f4  __mspabi_slli_1               
0000d2e2  __mspabi_slli_10              
0000d2e0  __mspabi_slli_11              
0000d2de  __mspabi_slli_12              
0000d2dc  __mspabi_slli_13              
0000d2da  __mspabi_slli_14              
0000d2d8  __mspabi_slli_15              
0000d2f2  __mspabi_slli_2               
0000d2f0  __mspabi_slli_3               
0000d2ee  __mspabi_slli_4               
0000d2ec  __mspabi_slli_5               
0000d2ea  __mspabi_slli_6               
0000d2e8  __mspabi_slli_7               
0000d2e6  __mspabi_slli_8               
0000d2e4  __mspabi_slli_9               
0000d29a  __mspabi_slll_1               
0000d276  __mspabi_slll_10              
0000d272  __mspabi_slll_11              
0000d26e  __mspabi_slll_12              
0000d26a  __mspabi_slll_13              
0000d266  __mspabi_slll_14              
0000d262  __mspabi_slll_15              
0000d296  __mspabi_slll_2               
0000d292  __mspabi_slll_3               
0000d28e  __mspabi_slll_4               
0000d28a  __mspabi_slll_5               
0000d286  __mspabi_slll_6               
0000d282  __mspabi_slll_7               
0000d27e  __mspabi_slll_8               
0000d27a  __mspabi_slll_9               
0000d19e  __mspabi_sllll                
0000d2a0  __mspabi_srai                 
0000d2c8  __mspabi_srai_1               
0000d2b6  __mspabi_srai_10              
0000d2b4  __mspabi_srai_11              
0000d2b2  __mspabi_srai_12              
0000d2b0  __mspabi_srai_13              
0000d2ae  __mspabi_srai_14              
0000d2ac  __mspabi_srai_15              
0000d2c6  __mspabi_srai_2               
0000d2c4  __mspabi_srai_3               
0000d2c2  __mspabi_srai_4               
0000d2c0  __mspabi_srai_5               
0000d2be  __mspabi_srai_6               
0000d2bc  __mspabi_srai_7               
0000d2ba  __mspabi_srai_8               
0000d2b8  __mspabi_srai_9               
0000d25c  __mspabi_sral_1               
0000d238  __mspabi_sral_10              
0000d234  __mspabi_sral_11              
0000d230  __mspabi_sral_12              
0000d22c  __mspabi_sral_13              
0000d228  __mspabi_sral_14              
0000d224  __mspabi_sral_15              
0000d258  __mspabi_sral_2               
0000d254  __mspabi_sral_3               
0000d250  __mspabi_sral_4               
0000d24c  __mspabi_sral_5               
0000d248  __mspabi_sral_6               
0000d244  __mspabi_sral_7               
0000d240  __mspabi_sral_8               
0000d23c  __mspabi_sral_9               
0000d0c2  __mspabi_srli                 
0000d108  __mspabi_srli_1               
0000d0e4  __mspabi_srli_10              
0000d0e0  __mspabi_srli_11              
0000d0dc  __mspabi_srli_12              
0000d0d8  __mspabi_srli_13              
0000d0d4  __mspabi_srli_14              
0000d0d0  __mspabi_srli_15              
0000d104  __mspabi_srli_2               
0000d100  __mspabi_srli_3               
0000d0fc  __mspabi_srli_4               
0000d0f8  __mspabi_srli_5               
0000d0f4  __mspabi_srli_6               
0000d0f0  __mspabi_srli_7               
0000d0ec  __mspabi_srli_8               
0000d0e8  __mspabi_srli_9               
0000d062  __mspabi_srll_1               
0000d02c  __mspabi_srll_10              
0000d026  __mspabi_srll_11              
0000d020  __mspabi_srll_12              
0000d01a  __mspabi_srll_13              
0000d014  __mspabi_srll_14              
0000d00e  __mspabi_srll_15              
0000d05c  __mspabi_srll_2               
0000d056  __mspabi_srll_3               
0000d050  __mspabi_srll_4               
0000d04a  __mspabi_srll_5               
0000d044  __mspabi_srll_6               
0000d03e  __mspabi_srll_7               
0000d038  __mspabi_srll_8               
0000d032  __mspabi_srll_9               
0000d158  __mspabi_srlll                
0000d3a8  _c_int00_noargs               
0000fffe  _reset_vector                 
000003b0  _stack                        
0000d434  _system_post_cinit            
0000d430  _system_pre_init              
0000d424  abort                         
00000202  capt_opto_d                   
00000200  capt_opto_g                   
0000d2f8  capture_opto                  
0000d3fc  config_timer_correction       
00000206  correction                    
0000cfa8  corriger_trajectoire          
00000204  diff_capt                     
0000cca4  distance                      
00000208  flag_correction               
0000cd50  init_moteur                   
0000ce54  main                          
0000d3ea  memcpy                        
0000cf3c  pilotage_moteur               
0000d42a  timer_correction              


GLOBAL SYMBOLS: SORTED BY Symbol Address 

address   name                          
-------   ----                          
00000000  IE1                           
00000001  IE2                           
00000002  IFG1                          
00000003  IFG2                          
00000010  P3REN                         
00000018  P3IN                          
00000019  P3OUT                         
0000001a  P3DIR                         
0000001b  P3SEL                         
00000020  P1IN                          
00000021  P1OUT                         
00000022  P1DIR                         
00000023  P1IFG                         
00000024  P1IES                         
00000025  P1IE                          
00000026  P1SEL                         
00000027  P1REN                         
00000028  P2IN                          
00000029  P2OUT                         
0000002a  P2DIR                         
0000002b  P2IFG                         
0000002c  P2IES                         
0000002d  P2IE                          
0000002e  P2SEL                         
0000002f  P2REN                         
00000041  P1SEL2                        
00000042  P2SEL2                        
00000043  P3SEL2                        
00000048  ADC10DTC0                     
00000049  ADC10DTC1                     
0000004a  ADC10AE0                      
00000050  __STACK_SIZE                  
00000053  BCSCTL3                       
00000056  DCOCTL                        
00000057  BCSCTL1                       
00000058  BCSCTL2                       
00000059  CACTL1                        
0000005a  CACTL2                        
0000005b  CAPD                          
0000005d  UCA0ABCTL                     
0000005e  UCA0IRTCTL                    
0000005f  UCA0IRRCTL                    
00000060  UCA0CTL0                      
00000061  UCA0CTL1                      
00000062  UCA0BR0                       
00000063  UCA0BR1                       
00000064  UCA0MCTL                      
00000065  UCA0STAT                      
00000066  UCA0RXBUF                     
00000067  UCA0TXBUF                     
00000068  UCB0CTL0                      
00000069  UCB0CTL1                      
0000006a  UCB0BR0                       
0000006b  UCB0BR1                       
0000006c  UCB0I2CIE                     
0000006d  UCB0STAT                      
0000006e  UCB0RXBUF                     
0000006f  UCB0TXBUF                     
00000118  UCB0I2COA                     
0000011a  UCB0I2CSA                     
0000011e  TA1IV                         
00000120  WDTCTL                        
00000128  FCTL1                         
0000012a  FCTL2                         
0000012c  FCTL3                         
0000012e  TA0IV                         
00000160  TA0CTL                        
00000162  TA0CCTL0                      
00000164  TA0CCTL1                      
00000166  TA0CCTL2                      
00000170  TA0R                          
00000172  TA0CCR0                       
00000174  TA0CCR1                       
00000176  TA0CCR2                       
00000180  TA1CTL                        
00000182  TA1CCTL0                      
00000184  TA1CCTL1                      
00000186  TA1CCTL2                      
00000190  TA1R                          
00000192  TA1CCR0                       
00000194  TA1CCR1                       
00000196  TA1CCR2                       
000001b0  ADC10CTL0                     
000001b2  ADC10CTL1                     
000001b4  ADC10MEM                      
000001bc  ADC10SA                       
00000200  capt_opto_g                   
00000202  capt_opto_d                   
00000204  diff_capt                     
00000206  correction                    
00000208  flag_correction               
000003b0  _stack                        
00000400  __STACK_END                   
000010c0  TLV_CHECKSUM                  
000010da  TLV_ADC10_1_TAG               
000010db  TLV_ADC10_1_LEN               
000010f6  TLV_DCO_30_TAG                
000010f7  TLV_DCO_30_LEN                
000010f8  CALDCO_16MHZ                  
000010f9  CALBC1_16MHZ                  
000010fa  CALDCO_12MHZ                  
000010fb  CALBC1_12MHZ                  
000010fc  CALDCO_8MHZ                   
000010fd  CALBC1_8MHZ                   
000010fe  CALDCO_1MHZ                   
000010ff  CALBC1_1MHZ                   
0000c000  __TI_frcdivd                  
0000c478  __mspabi_mpyd                 
0000c738  __mspabi_divd                 
0000c96a  __TI_frcmpyd                  
0000cadc  __mspabi_mpyll                
0000cadc  __mspabi_mpyll_sw             
0000cbf0  __mspabi_cvtdf                
0000cca4  distance                      
0000cd50  init_moteur                   
0000cdd8  __TI_decompress_lzss          
0000ce54  main                          
0000cecc  __mspabi_cvtfd                
0000cf3c  pilotage_moteur               
0000cfa8  corriger_trajectoire          
0000d00e  __mspabi_srll_15              
0000d014  __mspabi_srll_14              
0000d01a  __mspabi_srll_13              
0000d020  __mspabi_srll_12              
0000d026  __mspabi_srll_11              
0000d02c  __mspabi_srll_10              
0000d032  __mspabi_srll_9               
0000d038  __mspabi_srll_8               
0000d03e  __mspabi_srll_7               
0000d044  __mspabi_srll_6               
0000d04a  __mspabi_srll_5               
0000d050  __mspabi_srll_4               
0000d056  __mspabi_srll_3               
0000d05c  __mspabi_srll_2               
0000d062  __mspabi_srll_1               
0000d06a  __mspabi_divul                
0000d06a  __mspabi_remul                
0000d0c2  __mspabi_srli                 
0000d0d0  __mspabi_srli_15              
0000d0d4  __mspabi_srli_14              
0000d0d8  __mspabi_srli_13              
0000d0dc  __mspabi_srli_12              
0000d0e0  __mspabi_srli_11              
0000d0e4  __mspabi_srli_10              
0000d0e8  __mspabi_srli_9               
0000d0ec  __mspabi_srli_8               
0000d0f0  __mspabi_srli_7               
0000d0f4  __mspabi_srli_6               
0000d0f8  __mspabi_srli_5               
0000d0fc  __mspabi_srli_4               
0000d100  __mspabi_srli_3               
0000d104  __mspabi_srli_2               
0000d108  __mspabi_srli_1               
0000d10e  __mspabi_cmpf                 
0000d158  __mspabi_srlll                
0000d19e  __mspabi_sllll                
0000d1e2  __TI_auto_init_nobinit_nopinit
0000d224  __mspabi_sral_15              
0000d228  __mspabi_sral_14              
0000d22c  __mspabi_sral_13              
0000d230  __mspabi_sral_12              
0000d234  __mspabi_sral_11              
0000d238  __mspabi_sral_10              
0000d23c  __mspabi_sral_9               
0000d240  __mspabi_sral_8               
0000d244  __mspabi_sral_7               
0000d248  __mspabi_sral_6               
0000d24c  __mspabi_sral_5               
0000d250  __mspabi_sral_4               
0000d254  __mspabi_sral_3               
0000d258  __mspabi_sral_2               
0000d25c  __mspabi_sral_1               
0000d262  __mspabi_slll_15              
0000d266  __mspabi_slll_14              
0000d26a  __mspabi_slll_13              
0000d26e  __mspabi_slll_12              
0000d272  __mspabi_slll_11              
0000d276  __mspabi_slll_10              
0000d27a  __mspabi_slll_9               
0000d27e  __mspabi_slll_8               
0000d282  __mspabi_slll_7               
0000d286  __mspabi_slll_6               
0000d28a  __mspabi_slll_5               
0000d28e  __mspabi_slll_4               
0000d292  __mspabi_slll_3               
0000d296  __mspabi_slll_2               
0000d29a  __mspabi_slll_1               
0000d2a0  __mspabi_srai                 
0000d2ac  __mspabi_srai_15              
0000d2ae  __mspabi_srai_14              
0000d2b0  __mspabi_srai_13              
0000d2b2  __mspabi_srai_12              
0000d2b4  __mspabi_srai_11              
0000d2b6  __mspabi_srai_10              
0000d2b8  __mspabi_srai_9               
0000d2ba  __mspabi_srai_8               
0000d2bc  __mspabi_srai_7               
0000d2be  __mspabi_srai_6               
0000d2c0  __mspabi_srai_5               
0000d2c2  __mspabi_srai_4               
0000d2c4  __mspabi_srai_3               
0000d2c6  __mspabi_srai_2               
0000d2c8  __mspabi_srai_1               
0000d2cc  __mspabi_slli                 
0000d2d8  __mspabi_slli_15              
0000d2da  __mspabi_slli_14              
0000d2dc  __mspabi_slli_13              
0000d2de  __mspabi_slli_12              
0000d2e0  __mspabi_slli_11              
0000d2e2  __mspabi_slli_10              
0000d2e4  __mspabi_slli_9               
0000d2e6  __mspabi_slli_8               
0000d2e8  __mspabi_slli_7               
0000d2ea  __mspabi_slli_6               
0000d2ec  __mspabi_slli_5               
0000d2ee  __mspabi_slli_4               
0000d2f0  __mspabi_slli_3               
0000d2f2  __mspabi_slli_2               
0000d2f4  __mspabi_slli_1               
0000d2f8  capture_opto                  
0000d31e  __mspabi_mpyl                 
0000d31e  __mspabi_mpyl_sw              
0000d344  __mspabi_fltuf                
0000d368  __mspabi_mpyul                
0000d368  __mspabi_mpyul_sw             
0000d38a  __mspabi_mpyull               
0000d38a  __mspabi_mpyull_sw            
0000d3a8  _c_int00_noargs               
0000d3c4  __mspabi_mpyi                 
0000d3c4  __mspabi_mpyi_sw              
0000d3d8  __TI_decompress_none          
0000d3ea  memcpy                        
0000d3fc  config_timer_correction       
0000d40c  __mspabi_func_epilog_7        
0000d40e  __mspabi_func_epilog_6        
0000d410  __mspabi_func_epilog_5        
0000d412  __mspabi_func_epilog_4        
0000d414  __mspabi_func_epilog_3        
0000d416  __mspabi_func_epilog_2        
0000d418  __mspabi_func_epilog_1        
0000d41c  __TI_ISR_TRAP                 
0000d424  C$$EXIT                       
0000d424  abort                         
0000d42a  timer_correction              
0000d430  _system_pre_init              
0000d434  _system_post_cinit            
0000d43e  __TI_Handler_Table_Base       
0000d442  __TI_CINIT_Base               
0000d442  __TI_Handler_Table_Limit      
0000d446  __TI_CINIT_Limit              
0000d446  __TI_CINIT_Warm               
0000ffe0  __TI_int00                    
0000ffe4  __TI_int02                    
0000ffe6  __TI_int03                    
0000ffea  __TI_int05                    
0000ffec  __TI_int06                    
0000ffee  __TI_int07                    
0000fff0  __TI_int08                    
0000fff2  __TI_int09                    
0000fff4  __TI_int10                    
0000fff6  __TI_int11                    
0000fff8  __TI_int12                    
0000fffa  __TI_int13                    
0000fffc  __TI_int14                    
0000fffe  _reset_vector                 
ffffffff  __TI_pprof_out_hndl           
ffffffff  __TI_prof_data_size           
ffffffff  __TI_prof_data_start          
ffffffff  __c_args__                    

[269 symbols]
