******************************************************************************
                  MSP430 Linker PC v21.6.3                     
******************************************************************************
>> Linked Tue Sep 22 16:02:27 2026

OUTPUT FILE NAME:   <Projet_Robot_1.out>
ENTRY POINT SYMBOL: "_c_int00_noargs"  address: 0000c462


MEMORY CONFIGURATION

         name            origin    length      used     unused   attr    fill
----------------------  --------  ---------  --------  --------  ----  --------
  SFR                   00000000   00000010  00000000  00000010  RWIX
  PERIPHERALS_8BIT      00000010   000000f0  00000000  000000f0  RWIX
  PERIPHERALS_16BIT     00000100   00000100  00000000  00000100  RWIX
  RAM                   00000200   00000200  00000058  000001a8  RWIX
  INFOD                 00001000   00000040  00000000  00000040  RWIX
  INFOC                 00001040   00000040  00000000  00000040  RWIX
  INFOB                 00001080   00000040  00000000  00000040  RWIX
  INFOA                 000010c0   00000040  00000000  00000040  RWIX
  FLASH                 0000c000   00003fde  000005a6  00003a38  RWIX
  BSLSIGNATURE          0000ffde   00000002  00000002  00000000  RWIX  ffff 
  INT00                 0000ffe0   00000002  00000002  00000000  RWIX
  INT01                 0000ffe2   00000002  00000000  00000002  RWIX
  INT02                 0000ffe4   00000002  00000002  00000000  RWIX
  INT03                 0000ffe6   00000002  00000002  00000000  RWIX
  INT04                 0000ffe8   00000002  00000000  00000002  RWIX
  INT05                 0000ffea   00000002  00000002  00000000  RWIX
  INT06                 0000ffec   00000002  00000002  00000000  RWIX
  INT07                 0000ffee   00000002  00000002  00000000  RWIX
  INT08                 0000fff0   00000002  00000002  00000000  RWIX
  INT09                 0000fff2   00000002  00000002  00000000  RWIX
  INT10                 0000fff4   00000002  00000002  00000000  RWIX
  INT11                 0000fff6   00000002  00000002  00000000  RWIX
  INT12                 0000fff8   00000002  00000002  00000000  RWIX
  INT13                 0000fffa   00000002  00000002  00000000  RWIX
  INT14                 0000fffc   00000002  00000002  00000000  RWIX
  RESET                 0000fffe   00000002  00000002  00000000  RWIX


SECTION ALLOCATION MAP

 output                                  attributes/
section   page    origin      length       input sections
--------  ----  ----------  ----------   ----------------
.data      0    00000200    00000008     UNINITIALIZED
                  00000200    00000008     main.obj (.data)

.stack     0    000003b0    00000050     UNINITIALIZED
                  000003b0    00000002     rts430_eabi.lib : boot.c.obj (.stack)
                  000003b2    0000004e     --HOLE--

.text      0    0000c000    00000590     
                  0000c000    00000094     main.obj (.text:init_moteur)
                  0000c094    0000007c     rts430_eabi.lib : copy_decompress_lzss.c.obj (.text:decompress:lzss:__TI_decompress_lzss)
                  0000c110    00000076     Afficheur.obj (.text:convert_Hex_Dec)
                  0000c186    00000058     main.obj (.text:main)
                  0000c1de    00000056     main.obj (.text:pilotage_moteur)
                  0000c234    0000004c     rts430_eabi.lib : lsr16.asm.obj (.text)
                  0000c280    00000042                     : autoinit.c.obj (.text:__TI_auto_init_nobinit_nopinit:__TI_auto_init_nobinit_nopinit)
                  0000c2c2    00000040     Afficheur.obj (.text:Aff_Init)
                  0000c302    0000003e     Afficheur.obj (.text:Aff_valeur)
                  0000c340    0000002e     Afficheur.obj (.text:Init_USI_SPI)
                  0000c36e    0000002c     rts430_eabi.lib : asr16.asm.obj (.text)
                  0000c39a    0000002c                     : div16s.asm.obj (.text)
                  0000c3c6    0000002c                     : lsl16.asm.obj (.text)
                  0000c3f2    00000028     main.obj (.text:obstacle_capteur)
                  0000c41a    00000026     main.obj (.text:capture_opto)
                  0000c440    00000022     Afficheur.obj (.text:Aff_4carac)
                  0000c462    0000001c     rts430_eabi.lib : boot.c.obj (.text:_c_int00_noargs)
                  0000c47e    00000018     Afficheur.obj (.text:Send_char_SPI)
                  0000c496    00000018     main.obj (.text:lecture_capteur_obstacle)
                  0000c4ae    00000016     ADC.obj (.text:ADC_Demarrer_conversion)
                  0000c4c4    00000016     ADC.obj (.text:ADC_init)
                  0000c4da    00000016     rts430_eabi.lib : div16u.asm.obj (.text)
                  0000c4f0    00000014                     : mult16.asm.obj (.text)
                  0000c504    00000012     Afficheur.obj (.text:Aff_Luminosite)
                  0000c516    00000012     Afficheur.obj (.text:Aff_Points)
                  0000c528    00000012     rts430_eabi.lib : copy_decompress_none.c.obj (.text:decompress:none:__TI_decompress_none)
                  0000c53a    00000012                     : memcpy.c.obj (.text:memcpy)
                  0000c54c    00000010     ADC.obj (.text:ADC_Lire_resultat)
                  0000c55c    00000010     Afficheur.obj (.text:Aff_Efface)
                  0000c56c    00000010     rts430_eabi.lib : epilog.asm.obj (.text)
                  0000c57c    00000008                     : isr_trap.asm.obj (.text:_isr:__TI_ISR_TRAP)
                  0000c584    00000006                     : exit.c.obj (.text:abort)
                  0000c58a    00000004                     : pre_init.c.obj (.text:_system_pre_init)
                  0000c58e    00000002                     : startup.c.obj (.text:_system_post_cinit)

.const     0    0000c590    00000006     
                  0000c590    00000006     Afficheur.obj (.const:.string)

.cinit     0    0000c596    00000010     
                  0000c596    00000007     (.cinit..data.load) [load image, compression = lzss]
                  0000c59d    00000001     --HOLE-- [fill = 0]
                  0000c59e    00000004     (__TI_handler_table)
                  0000c5a2    00000004     (__TI_cinit_table)

.binit     0    0000c000    00000000     

.init_array 
*          0    0000c000    00000000     UNINITIALIZED

TRAPINT    0    0000ffe0    00000002     
                  0000ffe0    00000002     rts430_eabi.lib : int00.asm.obj (.int00)

PORT1      0    0000ffe4    00000002     
                  0000ffe4    00000002     rts430_eabi.lib : int02.asm.obj (.int02)

PORT2      0    0000ffe6    00000002     
                  0000ffe6    00000002     main.obj (.int03)

ADC10      0    0000ffea    00000002     
                  0000ffea    00000002     rts430_eabi.lib : int05.asm.obj (.int05)

USCIAB0TX 
*          0    0000ffec    00000002     
                  0000ffec    00000002     rts430_eabi.lib : int06.asm.obj (.int06)

USCIAB0RX 
*          0    0000ffee    00000002     
                  0000ffee    00000002     rts430_eabi.lib : int07.asm.obj (.int07)

TIMER0_A1 
*          0    0000fff0    00000002     
                  0000fff0    00000002     rts430_eabi.lib : int08.asm.obj (.int08)

TIMER0_A0 
*          0    0000fff2    00000002     
                  0000fff2    00000002     rts430_eabi.lib : int09.asm.obj (.int09)

WDT        0    0000fff4    00000002     
                  0000fff4    00000002     rts430_eabi.lib : int10.asm.obj (.int10)

COMPARATORA 
*          0    0000fff6    00000002     
                  0000fff6    00000002     rts430_eabi.lib : int11.asm.obj (.int11)

TIMER1_A1 
*          0    0000fff8    00000002     
                  0000fff8    00000002     rts430_eabi.lib : int12.asm.obj (.int12)

TIMER1_A0 
*          0    0000fffa    00000002     
                  0000fffa    00000002     rts430_eabi.lib : int13.asm.obj (.int13)

NMI        0    0000fffc    00000002     
                  0000fffc    00000002     rts430_eabi.lib : int14.asm.obj (.int14)

.reset     0    0000fffe    00000002     
                  0000fffe    00000002     rts430_eabi.lib : boot.c.obj (.reset)

$fill000   0    0000ffde    00000002     
                  0000ffde    00000002     --HOLE-- [fill = ffff]

MODULE SUMMARY

       Module                       code   ro data   rw data
       ------                       ----   -------   -------
    .\
       main.obj                     424    2         8      
       Afficheur.obj                400    6         0      
       ADC.obj                      60     0         0      
    +--+----------------------------+------+---------+---------+
       Total:                       884    8         8      
                                                            
    C:\ti\ccs2101\ccs\tools\compiler\ti-cgt-msp430_21.6.3.LTS\lib\rts430_eabi.lib
       copy_decompress_lzss.c.obj   124    0         0      
       lsr16.asm.obj                76     0         0      
       autoinit.c.obj               66     0         0      
       asr16.asm.obj                44     0         0      
       div16s.asm.obj               44     0         0      
       lsl16.asm.obj                44     0         0      
       boot.c.obj                   28     2         0      
       div16u.asm.obj               22     0         0      
       mult16.asm.obj               20     0         0      
       copy_decompress_none.c.obj   18     0         0      
       memcpy.c.obj                 18     0         0      
       epilog.asm.obj               16     0         0      
       isr_trap.asm.obj             8      0         0      
       exit.c.obj                   6      0         0      
       pre_init.c.obj               4      0         0      
       int00.asm.obj                0      2         0      
       int02.asm.obj                0      2         0      
       int05.asm.obj                0      2         0      
       int06.asm.obj                0      2         0      
       int07.asm.obj                0      2         0      
       int08.asm.obj                0      2         0      
       int09.asm.obj                0      2         0      
       int10.asm.obj                0      2         0      
       int11.asm.obj                0      2         0      
       int12.asm.obj                0      2         0      
       int13.asm.obj                0      2         0      
       int14.asm.obj                0      2         0      
       startup.c.obj                2      0         0      
    +--+----------------------------+------+---------+---------+
       Total:                       540    26        0      
                                                            
       Stack:                       0      0         80     
       Linker Generated:            0      15        0      
    +--+----------------------------+------+---------+---------+
       Grand Total:                 1424   49        88     


LINKER GENERATED COPY TABLES

__TI_cinit_table @ 0000c5a2 records: 1, size/record: 4, table size: 4
	.data: load addr=0000c596, load size=00000007 bytes, run addr=00000200, run size=00000008 bytes, compression=lzss


LINKER GENERATED HANDLER TABLE

__TI_handler_table @ 0000c59e records: 2, size/record: 2, table size: 4
	index: 0, handler: __TI_decompress_lzss
	index: 1, handler: __TI_decompress_none


GLOBAL SYMBOLS: SORTED ALPHABETICALLY BY Name 

address   name                          
-------   ----                          
0000004a  ADC10AE0                      
000001b0  ADC10CTL0                     
000001b2  ADC10CTL1                     
00000048  ADC10DTC0                     
00000049  ADC10DTC1                     
000001b4  ADC10MEM                      
000001bc  ADC10SA                       
0000c4ae  ADC_Demarrer_conversion       
0000c54c  ADC_Lire_resultat             
0000c4c4  ADC_init                      
0000c440  Aff_4carac                    
0000c55c  Aff_Efface                    
0000c2c2  Aff_Init                      
0000c504  Aff_Luminosite                
0000c516  Aff_Points                    
0000c302  Aff_valeur                    
00000057  BCSCTL1                       
00000058  BCSCTL2                       
00000053  BCSCTL3                       
0000c584  C$$EXIT                       
00000059  CACTL1                        
0000005a  CACTL2                        
000010fb  CALBC1_12MHZ                  
000010f9  CALBC1_16MHZ                  
000010ff  CALBC1_1MHZ                   
000010fd  CALBC1_8MHZ                   
000010fa  CALDCO_12MHZ                  
000010f8  CALDCO_16MHZ                  
000010fe  CALDCO_1MHZ                   
000010fc  CALDCO_8MHZ                   
0000005b  CAPD                          
00000056  DCOCTL                        
00000128  FCTL1                         
0000012a  FCTL2                         
0000012c  FCTL3                         
00000000  IE1                           
00000001  IE2                           
00000002  IFG1                          
00000003  IFG2                          
0000c340  Init_USI_SPI                  
00000022  P1DIR                         
00000025  P1IE                          
00000024  P1IES                         
00000023  P1IFG                         
00000020  P1IN                          
00000021  P1OUT                         
00000027  P1REN                         
00000026  P1SEL                         
00000041  P1SEL2                        
0000002a  P2DIR                         
0000002d  P2IE                          
0000002c  P2IES                         
0000002b  P2IFG                         
00000028  P2IN                          
00000029  P2OUT                         
0000002f  P2REN                         
0000002e  P2SEL                         
00000042  P2SEL2                        
0000001a  P3DIR                         
00000018  P3IN                          
00000019  P3OUT                         
00000010  P3REN                         
0000001b  P3SEL                         
00000043  P3SEL2                        
0000c47e  Send_char_SPI                 
00000172  TA0CCR0                       
00000174  TA0CCR1                       
00000176  TA0CCR2                       
00000162  TA0CCTL0                      
00000164  TA0CCTL1                      
00000166  TA0CCTL2                      
00000160  TA0CTL                        
0000012e  TA0IV                         
00000170  TA0R                          
00000192  TA1CCR0                       
00000194  TA1CCR1                       
00000196  TA1CCR2                       
00000182  TA1CCTL0                      
00000184  TA1CCTL1                      
00000186  TA1CCTL2                      
00000180  TA1CTL                        
0000011e  TA1IV                         
00000190  TA1R                          
000010db  TLV_ADC10_1_LEN               
000010da  TLV_ADC10_1_TAG               
000010c0  TLV_CHECKSUM                  
000010f7  TLV_DCO_30_LEN                
000010f6  TLV_DCO_30_TAG                
0000005d  UCA0ABCTL                     
00000062  UCA0BR0                       
00000063  UCA0BR1                       
00000060  UCA0CTL0                      
00000061  UCA0CTL1                      
0000005f  UCA0IRRCTL                    
0000005e  UCA0IRTCTL                    
00000064  UCA0MCTL                      
00000066  UCA0RXBUF                     
00000065  UCA0STAT                      
00000067  UCA0TXBUF                     
0000006a  UCB0BR0                       
0000006b  UCB0BR1                       
00000068  UCB0CTL0                      
00000069  UCB0CTL1                      
0000006c  UCB0I2CIE                     
00000118  UCB0I2COA                     
0000011a  UCB0I2CSA                     
0000006e  UCB0RXBUF                     
0000006d  UCB0STAT                      
0000006f  UCB0TXBUF                     
00000120  WDTCTL                        
00000400  __STACK_END                   
00000050  __STACK_SIZE                  
0000c5a2  __TI_CINIT_Base               
0000c5a6  __TI_CINIT_Limit              
0000c5a6  __TI_CINIT_Warm               
0000c59e  __TI_Handler_Table_Base       
0000c5a2  __TI_Handler_Table_Limit      
0000c57c  __TI_ISR_TRAP                 
0000c280  __TI_auto_init_nobinit_nopinit
0000c094  __TI_decompress_lzss          
0000c528  __TI_decompress_none          
0000ffe0  __TI_int00                    
0000ffe4  __TI_int02                    
0000ffe6  __TI_int03                    
0000ffea  __TI_int05                    
0000ffec  __TI_int06                    
0000ffee  __TI_int07                    
0000fff0  __TI_int08                    
0000fff2  __TI_int09                    
0000fff4  __TI_int10                    
0000fff6  __TI_int11                    
0000fff8  __TI_int12                    
0000fffa  __TI_int13                    
0000fffc  __TI_int14                    
ffffffff  __TI_pprof_out_hndl           
ffffffff  __TI_prof_data_size           
ffffffff  __TI_prof_data_start          
ffffffff  __c_args__                    
0000c39a  __mspabi_divi                 
0000c4da  __mspabi_divu                 
0000c578  __mspabi_func_epilog_1        
0000c576  __mspabi_func_epilog_2        
0000c574  __mspabi_func_epilog_3        
0000c572  __mspabi_func_epilog_4        
0000c570  __mspabi_func_epilog_5        
0000c56e  __mspabi_func_epilog_6        
0000c56c  __mspabi_func_epilog_7        
0000c4f0  __mspabi_mpyi                 
0000c4f0  __mspabi_mpyi_sw              
0000c39a  __mspabi_remi                 
0000c4da  __mspabi_remu                 
0000c3c6  __mspabi_slli                 
0000c3ee  __mspabi_slli_1               
0000c3dc  __mspabi_slli_10              
0000c3da  __mspabi_slli_11              
0000c3d8  __mspabi_slli_12              
0000c3d6  __mspabi_slli_13              
0000c3d4  __mspabi_slli_14              
0000c3d2  __mspabi_slli_15              
0000c3ec  __mspabi_slli_2               
0000c3ea  __mspabi_slli_3               
0000c3e8  __mspabi_slli_4               
0000c3e6  __mspabi_slli_5               
0000c3e4  __mspabi_slli_6               
0000c3e2  __mspabi_slli_7               
0000c3e0  __mspabi_slli_8               
0000c3de  __mspabi_slli_9               
0000c36e  __mspabi_srai                 
0000c396  __mspabi_srai_1               
0000c384  __mspabi_srai_10              
0000c382  __mspabi_srai_11              
0000c380  __mspabi_srai_12              
0000c37e  __mspabi_srai_13              
0000c37c  __mspabi_srai_14              
0000c37a  __mspabi_srai_15              
0000c394  __mspabi_srai_2               
0000c392  __mspabi_srai_3               
0000c390  __mspabi_srai_4               
0000c38e  __mspabi_srai_5               
0000c38c  __mspabi_srai_6               
0000c38a  __mspabi_srai_7               
0000c388  __mspabi_srai_8               
0000c386  __mspabi_srai_9               
0000c234  __mspabi_srli                 
0000c27a  __mspabi_srli_1               
0000c256  __mspabi_srli_10              
0000c252  __mspabi_srli_11              
0000c24e  __mspabi_srli_12              
0000c24a  __mspabi_srli_13              
0000c246  __mspabi_srli_14              
0000c242  __mspabi_srli_15              
0000c276  __mspabi_srli_2               
0000c272  __mspabi_srli_3               
0000c26e  __mspabi_srli_4               
0000c26a  __mspabi_srli_5               
0000c266  __mspabi_srli_6               
0000c262  __mspabi_srli_7               
0000c25e  __mspabi_srli_8               
0000c25a  __mspabi_srli_9               
0000c462  _c_int00_noargs               
0000fffe  _reset_vector                 
000003b0  _stack                        
0000c58e  _system_post_cinit            
0000c58a  _system_pre_init              
0000c584  abort                         
00000202  capt_opto_d                   
00000200  capt_opto_g                   
0000c41a  capture_opto                  
0000c110  convert_Hex_Dec               
00000204  diff_capt                     
0000c000  init_moteur                   
0000c496  lecture_capteur_obstacle      
0000c186  main                          
0000c53a  memcpy                        
0000c3f2  obstacle_capteur              
0000c1de  pilotage_moteur               


GLOBAL SYMBOLS: SORTED BY Symbol Address 

address   name                          
-------   ----                          
00000000  IE1                           
00000001  IE2                           
00000002  IFG1                          
00000003  IFG2                          
00000010  P3REN                         
00000018  P3IN                          
00000019  P3OUT                         
0000001a  P3DIR                         
0000001b  P3SEL                         
00000020  P1IN                          
00000021  P1OUT                         
00000022  P1DIR                         
00000023  P1IFG                         
00000024  P1IES                         
00000025  P1IE                          
00000026  P1SEL                         
00000027  P1REN                         
00000028  P2IN                          
00000029  P2OUT                         
0000002a  P2DIR                         
0000002b  P2IFG                         
0000002c  P2IES                         
0000002d  P2IE                          
0000002e  P2SEL                         
0000002f  P2REN                         
00000041  P1SEL2                        
00000042  P2SEL2                        
00000043  P3SEL2                        
00000048  ADC10DTC0                     
00000049  ADC10DTC1                     
0000004a  ADC10AE0                      
00000050  __STACK_SIZE                  
00000053  BCSCTL3                       
00000056  DCOCTL                        
00000057  BCSCTL1                       
00000058  BCSCTL2                       
00000059  CACTL1                        
0000005a  CACTL2                        
0000005b  CAPD                          
0000005d  UCA0ABCTL                     
0000005e  UCA0IRTCTL                    
0000005f  UCA0IRRCTL                    
00000060  UCA0CTL0                      
00000061  UCA0CTL1                      
00000062  UCA0BR0                       
00000063  UCA0BR1                       
00000064  UCA0MCTL                      
00000065  UCA0STAT                      
00000066  UCA0RXBUF                     
00000067  UCA0TXBUF                     
00000068  UCB0CTL0                      
00000069  UCB0CTL1                      
0000006a  UCB0BR0                       
0000006b  UCB0BR1                       
0000006c  UCB0I2CIE                     
0000006d  UCB0STAT                      
0000006e  UCB0RXBUF                     
0000006f  UCB0TXBUF                     
00000118  UCB0I2COA                     
0000011a  UCB0I2CSA                     
0000011e  TA1IV                         
00000120  WDTCTL                        
00000128  FCTL1                         
0000012a  FCTL2                         
0000012c  FCTL3                         
0000012e  TA0IV                         
00000160  TA0CTL                        
00000162  TA0CCTL0                      
00000164  TA0CCTL1                      
00000166  TA0CCTL2                      
00000170  TA0R                          
00000172  TA0CCR0                       
00000174  TA0CCR1                       
00000176  TA0CCR2                       
00000180  TA1CTL                        
00000182  TA1CCTL0                      
00000184  TA1CCTL1                      
00000186  TA1CCTL2                      
00000190  TA1R                          
00000192  TA1CCR0                       
00000194  TA1CCR1                       
00000196  TA1CCR2                       
000001b0  ADC10CTL0                     
000001b2  ADC10CTL1                     
000001b4  ADC10MEM                      
000001bc  ADC10SA                       
00000200  capt_opto_g                   
00000202  capt_opto_d                   
00000204  diff_capt                     
000003b0  _stack                        
00000400  __STACK_END                   
000010c0  TLV_CHECKSUM                  
000010da  TLV_ADC10_1_TAG               
000010db  TLV_ADC10_1_LEN               
000010f6  TLV_DCO_30_TAG                
000010f7  TLV_DCO_30_LEN                
000010f8  CALDCO_16MHZ                  
000010f9  CALBC1_16MHZ                  
000010fa  CALDCO_12MHZ                  
000010fb  CALBC1_12MHZ                  
000010fc  CALDCO_8MHZ                   
000010fd  CALBC1_8MHZ                   
000010fe  CALDCO_1MHZ                   
000010ff  CALBC1_1MHZ                   
0000c000  init_moteur                   
0000c094  __TI_decompress_lzss          
0000c110  convert_Hex_Dec               
0000c186  main                          
0000c1de  pilotage_moteur               
0000c234  __mspabi_srli                 
0000c242  __mspabi_srli_15              
0000c246  __mspabi_srli_14              
0000c24a  __mspabi_srli_13              
0000c24e  __mspabi_srli_12              
0000c252  __mspabi_srli_11              
0000c256  __mspabi_srli_10              
0000c25a  __mspabi_srli_9               
0000c25e  __mspabi_srli_8               
0000c262  __mspabi_srli_7               
0000c266  __mspabi_srli_6               
0000c26a  __mspabi_srli_5               
0000c26e  __mspabi_srli_4               
0000c272  __mspabi_srli_3               
0000c276  __mspabi_srli_2               
0000c27a  __mspabi_srli_1               
0000c280  __TI_auto_init_nobinit_nopinit
0000c2c2  Aff_Init                      
0000c302  Aff_valeur                    
0000c340  Init_USI_SPI                  
0000c36e  __mspabi_srai                 
0000c37a  __mspabi_srai_15              
0000c37c  __mspabi_srai_14              
0000c37e  __mspabi_srai_13              
0000c380  __mspabi_srai_12              
0000c382  __mspabi_srai_11              
0000c384  __mspabi_srai_10              
0000c386  __mspabi_srai_9               
0000c388  __mspabi_srai_8               
0000c38a  __mspabi_srai_7               
0000c38c  __mspabi_srai_6               
0000c38e  __mspabi_srai_5               
0000c390  __mspabi_srai_4               
0000c392  __mspabi_srai_3               
0000c394  __mspabi_srai_2               
0000c396  __mspabi_srai_1               
0000c39a  __mspabi_divi                 
0000c39a  __mspabi_remi                 
0000c3c6  __mspabi_slli                 
0000c3d2  __mspabi_slli_15              
0000c3d4  __mspabi_slli_14              
0000c3d6  __mspabi_slli_13              
0000c3d8  __mspabi_slli_12              
0000c3da  __mspabi_slli_11              
0000c3dc  __mspabi_slli_10              
0000c3de  __mspabi_slli_9               
0000c3e0  __mspabi_slli_8               
0000c3e2  __mspabi_slli_7               
0000c3e4  __mspabi_slli_6               
0000c3e6  __mspabi_slli_5               
0000c3e8  __mspabi_slli_4               
0000c3ea  __mspabi_slli_3               
0000c3ec  __mspabi_slli_2               
0000c3ee  __mspabi_slli_1               
0000c3f2  obstacle_capteur              
0000c41a  capture_opto                  
0000c440  Aff_4carac                    
0000c462  _c_int00_noargs               
0000c47e  Send_char_SPI                 
0000c496  lecture_capteur_obstacle      
0000c4ae  ADC_Demarrer_conversion       
0000c4c4  ADC_init                      
0000c4da  __mspabi_divu                 
0000c4da  __mspabi_remu                 
0000c4f0  __mspabi_mpyi                 
0000c4f0  __mspabi_mpyi_sw              
0000c504  Aff_Luminosite                
0000c516  Aff_Points                    
0000c528  __TI_decompress_none          
0000c53a  memcpy                        
0000c54c  ADC_Lire_resultat             
0000c55c  Aff_Efface                    
0000c56c  __mspabi_func_epilog_7        
0000c56e  __mspabi_func_epilog_6        
0000c570  __mspabi_func_epilog_5        
0000c572  __mspabi_func_epilog_4        
0000c574  __mspabi_func_epilog_3        
0000c576  __mspabi_func_epilog_2        
0000c578  __mspabi_func_epilog_1        
0000c57c  __TI_ISR_TRAP                 
0000c584  C$$EXIT                       
0000c584  abort                         
0000c58a  _system_pre_init              
0000c58e  _system_post_cinit            
0000c59e  __TI_Handler_Table_Base       
0000c5a2  __TI_CINIT_Base               
0000c5a2  __TI_Handler_Table_Limit      
0000c5a6  __TI_CINIT_Limit              
0000c5a6  __TI_CINIT_Warm               
0000ffe0  __TI_int00                    
0000ffe4  __TI_int02                    
0000ffe6  __TI_int03                    
0000ffea  __TI_int05                    
0000ffec  __TI_int06                    
0000ffee  __TI_int07                    
0000fff0  __TI_int08                    
0000fff2  __TI_int09                    
0000fff4  __TI_int10                    
0000fff6  __TI_int11                    
0000fff8  __TI_int12                    
0000fffa  __TI_int13                    
0000fffc  __TI_int14                    
0000fffe  _reset_vector                 
ffffffff  __TI_pprof_out_hndl           
ffffffff  __TI_prof_data_size           
ffffffff  __TI_prof_data_start          
ffffffff  __c_args__                    

[216 symbols]
